PASS: Map consumes the actual shared SDK assembly
PASS: Production Map declares no unimplemented handlers, verification or resolvers
PASS: Audit does not turn planned map capabilities into executable bindings
PASS: Synthetic test world is not compiled into Map
PASS: Map evidence work adds no native loader dependency
PASS: Explicit synthetic instance queues: layoutA/d0/l0/z7/placementA
PASS: Explicit synthetic instance queues: layoutA/d1/l0/z7/placementA
PASS: Explicit synthetic instance queues: layoutA/d0/l1/z7/placementA
PASS: Explicit synthetic instance queues: layoutA/d0/l0/z7/placementB
PASS: Explicit synthetic instance queues: layoutB/d0/l0/z7/placementA
PASS: SDK preserves supplied dimension/layer/layout/placement IDs without merging
PASS: Shared resource revision does not replace individual target identity
PASS: Queued old life cannot affect the same ID in a new life
PASS: Explicit current-life reference executes once
PASS: Destroyed object rejects its delayed callback
PASS: World reentry clears old queued work
PASS: Late previous-world event is rejected
PASS: Reused native ID is isolated by world epoch
PASS: Duplicate completion identity does not enqueue again
PASS: Changed payload timing cannot reuse completion identity
PASS: Repeated simulation tick cannot replay the same synthetic completion
Unhandled exception. System.InvalidOperationException: Sequence contains no elements
   at System.Linq.ThrowHelper.ThrowNoElementsException()
   at Program.<Main>$(String[] args) in C:\Users\nainf\Github\Infini-GTFO-Mods\ForgeMap\tests\MapContracts\Program.cs:line 4
