{
  "verification": "compiled-sdk-with-synthetic-entity-table; not a native Map resolver test",
  "nativeGameExecuted": false,
  "productionMap": "ForgeMap, Version=0.1.0.0, Culture=neutral, PublicKeyToken=null",
  "sharedSdk": "ForgeRuntime.Framework, Version=1.0.0.0, Culture=neutral, PublicKeyToken=null",
  "passed": 33,
  "checks": [
    "Map consumes the actual shared SDK assembly",
    "Production Map declares no unimplemented handlers, verification or resolvers",
    "Audit does not turn planned map capabilities into executable bindings",
    "Synthetic test world is not compiled into Map",
    "Map evidence work adds no native loader dependency",
    "Explicit synthetic instance queues: layoutA/d0/l0/z7/placementA",
    "Explicit synthetic instance queues: layoutA/d1/l0/z7/placementA",
    "Explicit synthetic instance queues: layoutA/d0/l1/z7/placementA",
    "Explicit synthetic instance queues: layoutA/d0/l0/z7/placementB",
    "Explicit synthetic instance queues: layoutB/d0/l0/z7/placementA",
    "SDK preserves supplied dimension/layer/layout/placement IDs without merging",
    "Shared resource revision does not replace individual target identity",
    "Queued old life cannot affect the same ID in a new life",
    "Explicit current-life reference executes once",
    "Destroyed object rejects its delayed callback",
    "World reentry clears old queued work",
    "Late previous-world event is rejected",
    "Reused native ID is isolated by world epoch",
    "Generation cannot reuse an existing world epoch",
    "Duplicate completion identity does not enqueue again",
    "Changed payload timing cannot reuse completion identity",
    "Repeated simulation tick cannot replay the same synthetic completion",
    "Unknown explicit target rejects before queueing, without name or nearest-instance fallback",
    "Client does not call the synthetic authoritative handler",
    "Plan cannot grant itself write permissions",
    "Cancelled map-source scope does not execute queued work",
    "Disposed module rejects late callback",
    "Module unload does not leave queued effects",
    "Map handle observes public current lifecycle snapshot",
    "Map receives public world invalidation without private bridge access",
    "Public startup freezes registration and exposes readiness",
    "Map observes the one public simulation tick",
    "Disposed Map observer receives no late lifecycle callback"
  ]
}
PASS: Map consumes the actual shared SDK assembly
PASS: Production Map declares no unimplemented handlers, verification or resolvers
PASS: Audit does not turn planned map capabilities into executable bindings
PASS: Synthetic test world is not compiled into Map
PASS: Map evidence work adds no native loader dependency
PASS: Explicit synthetic instance queues: layoutA/d0/l0/z7/placementA
PASS: Explicit synthetic instance queues: layoutA/d1/l0/z7/placementA
PASS: Explicit synthetic instance queues: layoutA/d0/l1/z7/placementA
PASS: Explicit synthetic instance queues: layoutA/d0/l0/z7/placementB
PASS: Explicit synthetic instance queues: layoutB/d0/l0/z7/placementA
PASS: SDK preserves supplied dimension/layer/layout/placement IDs without merging
PASS: Shared resource revision does not replace individual target identity
PASS: Queued old life cannot affect the same ID in a new life
PASS: Explicit current-life reference executes once
PASS: Destroyed object rejects its delayed callback
PASS: World reentry clears old queued work
PASS: Late previous-world event is rejected
PASS: Reused native ID is isolated by world epoch
PASS: Duplicate completion identity does not enqueue again
PASS: Changed payload timing cannot reuse completion identity
PASS: Repeated simulation tick cannot replay the same synthetic completion
PASS: Unknown explicit target rejects before queueing, without name or nearest-instance fallback
PASS: Client does not call the synthetic authoritative handler
PASS: Cancelled map-source scope does not execute queued work
PASS: Disposed module rejects late callback
PASS: Module unload does not leave queued effects
PASS: Map handle observes public current lifecycle snapshot
PASS: Map receives public world invalidation without private bridge access
PASS: Public startup freezes registration and exposes readiness
PASS: Map observes the one public simulation tick
PASS: Disposed Map observer receives no late lifecycle callback
