 M ForgeRuntime/ForgeRuntime.Core.csproj
 M ForgeRuntime/Framework/Contracts.cs
 M ForgeRuntime/Framework/README.md
 M ForgeRuntime/Framework/RuntimeKernel.State.cs
 M ForgeRuntime/Framework/RuntimeKernel.Timing.cs
 M ForgeRuntime/Framework/RuntimeKernel.cs
 M ForgeRuntime/Framework/RuntimeRegistry.cs
 M ForgeRuntime/tests/Framework/Framework.csproj
 M ForgeRuntime/tests/Framework/Program.cs
?? AGENT-HANDOFF.md
?? ARCHITECTURE.md
?? ForgeEnemy/
?? ForgeRuntime/AUTHORING-SCOPE.md
?? ForgeRuntime/AsyncReportWriter.cs
?? ForgeRuntime/AuthoringSettings.cs
?? ForgeRuntime/CHANGELOG.md
?? ForgeRuntime/CombatSampling.cs
?? ForgeRuntime/DiagnosticLogClassifier.cs
?? ForgeRuntime/DiagnosticsReport.cs
?? ForgeRuntime/ForgeRuntime.csproj
?? ForgeRuntime/Framework/CombatContracts.cs
?? ForgeRuntime/Framework/EntityActorContracts.cs
?? ForgeRuntime/Framework/EntityObservationContracts.cs
?? ForgeRuntime/Framework/ForgeRuntime.Framework.csproj
?? ForgeRuntime/Framework/HOST-LIFECYCLE.md
?? ForgeRuntime/Framework/LifecycleContracts.cs
?? ForgeRuntime/Framework/RuntimeKernel.Entities.cs
?? ForgeRuntime/Framework/RuntimeKernel.Lifecycle.cs
?? ForgeRuntime/GameBindings/
?? ForgeRuntime/GenerationHooks.cs
?? ForgeRuntime/IMPLEMENTATION-PLAN.md
?? ForgeRuntime/PERFORMANCE-REVIEW.md
?? ForgeRuntime/PerformanceDiagnostics.cs
?? ForgeRuntime/PerformanceSampleWindow.cs
?? ForgeRuntime/Plugin.cs
?? ForgeRuntime/ProjectChecks.cs
?? ForgeRuntime/ProjectInspectionSession.cs
?? ForgeRuntime/ProjectObjectReferences.cs
?? ForgeRuntime/R1-INTEGRATION-HANDOFF.md
?? ForgeRuntime/R2A-HANDOFF.md
?? ForgeRuntime/R2A-WORK-CLEANUP-HANDOFF.md
?? ForgeRuntime/R2B-HOST-BOOTSTRAP.md
?? ForgeRuntime/R2B-MIGRATION-HANDOFF.md
?? ForgeRuntime/R3A-ENTITY-OBSERVATION.md
?? ForgeRuntime/README.md
?? ForgeRuntime/RuntimeDiagnostics.cs
?? ForgeRuntime/RuntimeMode.cs
?? ForgeRuntime/RuntimeSettings.cs
?? ForgeRuntime/SceneInventory.cs
?? ForgeRuntime/ShutdownSequence.cs
?? ForgeRuntime/TelemetryBridge.cs
?? ForgeRuntime/VALIDATION.md
?? ForgeRuntime/WorldInspection.cs
?? ForgeRuntime/manifest.json
?? ForgeRuntime/scripts/
?? ForgeRuntime/tests/Architecture/
?? ForgeRuntime/tests/DevelopmentInspection/
?? ForgeRuntime/tests/EntityObservation/
?? ForgeRuntime/tests/Framework/ExecutionResultTests.cs
?? ForgeRuntime/tests/GameBindings/
?? ForgeRuntime/tests/HostConfiguration/
?? ForgeRuntime/tests/HostIntegration/
?? ForgeRuntime/tests/LifecycleWork/
?? ForgeRuntime/tests/PluginStartup/
?? ForgeRuntime/tests/ProjectChecks/
?? ForgeRuntime/tests/Reports/
?? ForgeRuntime/tests/Samples/
?? ForgeRuntime/tests/SceneInventory/
?? ForgeRuntime/tests/SceneInventoryTests.cs
?? ForgeRuntime/tests/Telemetry/
?? ForgeRuntime/tests/test_compare_runs.py
?? ForgeRuntime/tests/test_import_log.py
?? ForgeRuntime/tests/test_performance_report.py
