  Determining projects to restore...
  Restored C:\Users\nainf\Github\Infini-GTFO-Mods\ForgeRuntime\tests\DevelopmentInspection\DevelopmentInspection.csproj (in 123 ms).
C:\Users\nainf\Github\Infini-GTFO-Mods\ForgeRuntime\WorldInspection.cs(221,104): error CS1061: 'Dimension' does not contain a definition for 'Pointer' and no accessible extension method 'Pointer' accepting a first argument of type 'Dimension' could be found (are you missing a using directive or an assembly reference?) [C:\Users\nainf\Github\Infini-GTFO-Mods\ForgeRuntime\tests\DevelopmentInspection\DevelopmentInspection.csproj]
C:\Users\nainf\Github\Infini-GTFO-Mods\ForgeRuntime\WorldInspection.cs(221,135): error CS1061: 'Dimension' does not contain a definition for 'Pointer' and no accessible extension method 'Pointer' accepting a first argument of type 'Dimension' could be found (are you missing a using directive or an assembly reference?) [C:\Users\nainf\Github\Infini-GTFO-Mods\ForgeRuntime\tests\DevelopmentInspection\DevelopmentInspection.csproj]
C:\Users\nainf\Github\Infini-GTFO-Mods\ForgeRuntime\WorldInspection.cs(301,141): error CS1061: 'Dimension' does not contain a definition for 'Pointer' and no accessible extension method 'Pointer' accepting a first argument of type 'Dimension' could be found (are you missing a using directive or an assembly reference?) [C:\Users\nainf\Github\Infini-GTFO-Mods\ForgeRuntime\tests\DevelopmentInspection\DevelopmentInspection.csproj]
C:\Users\nainf\Github\Infini-GTFO-Mods\ForgeRuntime\WorldInspection.cs(301,172): error CS1061: 'Dimension' does not contain a definition for 'Pointer' and no accessible extension method 'Pointer' accepting a first argument of type 'Dimension' could be found (are you missing a using directive or an assembly reference?) [C:\Users\nainf\Github\Infini-GTFO-Mods\ForgeRuntime\tests\DevelopmentInspection\DevelopmentInspection.csproj]
C:\Users\nainf\Github\Infini-GTFO-Mods\ForgeRuntime\tests\DevelopmentInspection\Program.cs(54,20): warning CS8602: Dereference of a possibly null reference. [C:\Users\nainf\Github\Infini-GTFO-Mods\ForgeRuntime\tests\DevelopmentInspection\DevelopmentInspection.csproj]
C:\Users\nainf\Github\Infini-GTFO-Mods\ForgeRuntime\tests\DevelopmentInspection\Program.cs(71,32): warning CS8602: Dereference of a possibly null reference. [C:\Users\nainf\Github\Infini-GTFO-Mods\ForgeRuntime\tests\DevelopmentInspection\DevelopmentInspection.csproj]
C:\Users\nainf\Github\Infini-GTFO-Mods\ForgeRuntime\tests\DevelopmentInspection\Program.cs(72,11): warning CS8602: Dereference of a possibly null reference. [C:\Users\nainf\Github\Infini-GTFO-Mods\ForgeRuntime\tests\DevelopmentInspection\DevelopmentInspection.csproj]
C:\Users\nainf\Github\Infini-GTFO-Mods\ForgeRuntime\tests\DevelopmentInspection\Program.cs(76,33): warning CS8602: Dereference of a possibly null reference. [C:\Users\nainf\Github\Infini-GTFO-Mods\ForgeRuntime\tests\DevelopmentInspection\DevelopmentInspection.csproj]
C:\Users\nainf\Github\Infini-GTFO-Mods\ForgeRuntime\tests\DevelopmentInspection\Program.cs(86,36): warning CS8602: Dereference of a possibly null reference. [C:\Users\nainf\Github\Infini-GTFO-Mods\ForgeRuntime\tests\DevelopmentInspection\DevelopmentInspection.csproj]
C:\Users\nainf\Github\Infini-GTFO-Mods\ForgeRuntime\tests\DevelopmentInspection\Program.cs(107,25): warning CS8602: Dereference of a possibly null reference. [C:\Users\nainf\Github\Infini-GTFO-Mods\ForgeRuntime\tests\DevelopmentInspection\DevelopmentInspection.csproj]
C:\Users\nainf\Github\Infini-GTFO-Mods\ForgeRuntime\tests\DevelopmentInspection\Program.cs(116,11): warning CS8602: Dereference of a possibly null reference. [C:\Users\nainf\Github\Infini-GTFO-Mods\ForgeRuntime\tests\DevelopmentInspection\DevelopmentInspection.csproj]
C:\Users\nainf\Github\Infini-GTFO-Mods\ForgeRuntime\tests\DevelopmentInspection\Program.cs(119,11): warning CS8602: Dereference of a possibly null reference. [C:\Users\nainf\Github\Infini-GTFO-Mods\ForgeRuntime\tests\DevelopmentInspection\DevelopmentInspection.csproj]
C:\Users\nainf\Github\Infini-GTFO-Mods\ForgeRuntime\tests\DevelopmentInspection\Program.cs(121,11): warning CS8602: Dereference of a possibly null reference. [C:\Users\nainf\Github\Infini-GTFO-Mods\ForgeRuntime\tests\DevelopmentInspection\DevelopmentInspection.csproj]
C:\Users\nainf\Github\Infini-GTFO-Mods\ForgeRuntime\tests\DevelopmentInspection\Program.cs(123,11): warning CS8602: Dereference of a possibly null reference. [C:\Users\nainf\Github\Infini-GTFO-Mods\ForgeRuntime\tests\DevelopmentInspection\DevelopmentInspection.csproj]
C:\Users\nainf\Github\Infini-GTFO-Mods\ForgeRuntime\tests\DevelopmentInspection\Program.cs(124,31): warning CS8602: Dereference of a possibly null reference. [C:\Users\nainf\Github\Infini-GTFO-Mods\ForgeRuntime\tests\DevelopmentInspection\DevelopmentInspection.csproj]
C:\Users\nainf\Github\Infini-GTFO-Mods\ForgeRuntime\tests\DevelopmentInspection\Program.cs(127,11): warning CS8602: Dereference of a possibly null reference. [C:\Users\nainf\Github\Infini-GTFO-Mods\ForgeRuntime\tests\DevelopmentInspection\DevelopmentInspection.csproj]
C:\Users\nainf\Github\Infini-GTFO-Mods\ForgeRuntime\tests\DevelopmentInspection\Program.cs(132,11): warning CS8602: Dereference of a possibly null reference. [C:\Users\nainf\Github\Infini-GTFO-Mods\ForgeRuntime\tests\DevelopmentInspection\DevelopmentInspection.csproj]
C:\Users\nainf\Github\Infini-GTFO-Mods\ForgeRuntime\tests\DevelopmentInspection\Program.cs(134,11): warning CS8602: Dereference of a possibly null reference. [C:\Users\nainf\Github\Infini-GTFO-Mods\ForgeRuntime\tests\DevelopmentInspection\DevelopmentInspection.csproj]

Build FAILED.

C:\Users\nainf\Github\Infini-GTFO-Mods\ForgeRuntime\tests\DevelopmentInspection\Program.cs(54,20): warning CS8602: Dereference of a possibly null reference. [C:\Users\nainf\Github\Infini-GTFO-Mods\ForgeRuntime\tests\DevelopmentInspection\DevelopmentInspection.csproj]
C:\Users\nainf\Github\Infini-GTFO-Mods\ForgeRuntime\tests\DevelopmentInspection\Program.cs(71,32): warning CS8602: Dereference of a possibly null reference. [C:\Users\nainf\Github\Infini-GTFO-Mods\ForgeRuntime\tests\DevelopmentInspection\DevelopmentInspection.csproj]
C:\Users\nainf\Github\Infini-GTFO-Mods\ForgeRuntime\tests\DevelopmentInspection\Program.cs(72,11): warning CS8602: Dereference of a possibly null reference. [C:\Users\nainf\Github\Infini-GTFO-Mods\ForgeRuntime\tests\DevelopmentInspection\DevelopmentInspection.csproj]
C:\Users\nainf\Github\Infini-GTFO-Mods\ForgeRuntime\tests\DevelopmentInspection\Program.cs(76,33): warning CS8602: Dereference of a possibly null reference. [C:\Users\nainf\Github\Infini-GTFO-Mods\ForgeRuntime\tests\DevelopmentInspection\DevelopmentInspection.csproj]
C:\Users\nainf\Github\Infini-GTFO-Mods\ForgeRuntime\tests\DevelopmentInspection\Program.cs(86,36): warning CS8602: Dereference of a possibly null reference. [C:\Users\nainf\Github\Infini-GTFO-Mods\ForgeRuntime\tests\DevelopmentInspection\DevelopmentInspection.csproj]
C:\Users\nainf\Github\Infini-GTFO-Mods\ForgeRuntime\tests\DevelopmentInspection\Program.cs(107,25): warning CS8602: Dereference of a possibly null reference. [C:\Users\nainf\Github\Infini-GTFO-Mods\ForgeRuntime\tests\DevelopmentInspection\DevelopmentInspection.csproj]
C:\Users\nainf\Github\Infini-GTFO-Mods\ForgeRuntime\tests\DevelopmentInspection\Program.cs(116,11): warning CS8602: Dereference of a possibly null reference. [C:\Users\nainf\Github\Infini-GTFO-Mods\ForgeRuntime\tests\DevelopmentInspection\DevelopmentInspection.csproj]
C:\Users\nainf\Github\Infini-GTFO-Mods\ForgeRuntime\tests\DevelopmentInspection\Program.cs(119,11): warning CS8602: Dereference of a possibly null reference. [C:\Users\nainf\Github\Infini-GTFO-Mods\ForgeRuntime\tests\DevelopmentInspection\DevelopmentInspection.csproj]
C:\Users\nainf\Github\Infini-GTFO-Mods\ForgeRuntime\tests\DevelopmentInspection\Program.cs(121,11): warning CS8602: Dereference of a possibly null reference. [C:\Users\nainf\Github\Infini-GTFO-Mods\ForgeRuntime\tests\DevelopmentInspection\DevelopmentInspection.csproj]
C:\Users\nainf\Github\Infini-GTFO-Mods\ForgeRuntime\tests\DevelopmentInspection\Program.cs(123,11): warning CS8602: Dereference of a possibly null reference. [C:\Users\nainf\Github\Infini-GTFO-Mods\ForgeRuntime\tests\DevelopmentInspection\DevelopmentInspection.csproj]
C:\Users\nainf\Github\Infini-GTFO-Mods\ForgeRuntime\tests\DevelopmentInspection\Program.cs(124,31): warning CS8602: Dereference of a possibly null reference. [C:\Users\nainf\Github\Infini-GTFO-Mods\ForgeRuntime\tests\DevelopmentInspection\DevelopmentInspection.csproj]
C:\Users\nainf\Github\Infini-GTFO-Mods\ForgeRuntime\tests\DevelopmentInspection\Program.cs(127,11): warning CS8602: Dereference of a possibly null reference. [C:\Users\nainf\Github\Infini-GTFO-Mods\ForgeRuntime\tests\DevelopmentInspection\DevelopmentInspection.csproj]
C:\Users\nainf\Github\Infini-GTFO-Mods\ForgeRuntime\tests\DevelopmentInspection\Program.cs(132,11): warning CS8602: Dereference of a possibly null reference. [C:\Users\nainf\Github\Infini-GTFO-Mods\ForgeRuntime\tests\DevelopmentInspection\DevelopmentInspection.csproj]
C:\Users\nainf\Github\Infini-GTFO-Mods\ForgeRuntime\tests\DevelopmentInspection\Program.cs(134,11): warning CS8602: Dereference of a possibly null reference. [C:\Users\nainf\Github\Infini-GTFO-Mods\ForgeRuntime\tests\DevelopmentInspection\DevelopmentInspection.csproj]
C:\Users\nainf\Github\Infini-GTFO-Mods\ForgeRuntime\WorldInspection.cs(221,104): error CS1061: 'Dimension' does not contain a definition for 'Pointer' and no accessible extension method 'Pointer' accepting a first argument of type 'Dimension' could be found (are you missing a using directive or an assembly reference?) [C:\Users\nainf\Github\Infini-GTFO-Mods\ForgeRuntime\tests\DevelopmentInspection\DevelopmentInspection.csproj]
C:\Users\nainf\Github\Infini-GTFO-Mods\ForgeRuntime\WorldInspection.cs(221,135): error CS1061: 'Dimension' does not contain a definition for 'Pointer' and no accessible extension method 'Pointer' accepting a first argument of type 'Dimension' could be found (are you missing a using directive or an assembly reference?) [C:\Users\nainf\Github\Infini-GTFO-Mods\ForgeRuntime\tests\DevelopmentInspection\DevelopmentInspection.csproj]
C:\Users\nainf\Github\Infini-GTFO-Mods\ForgeRuntime\WorldInspection.cs(301,141): error CS1061: 'Dimension' does not contain a definition for 'Pointer' and no accessible extension method 'Pointer' accepting a first argument of type 'Dimension' could be found (are you missing a using directive or an assembly reference?) [C:\Users\nainf\Github\Infini-GTFO-Mods\ForgeRuntime\tests\DevelopmentInspection\DevelopmentInspection.csproj]
C:\Users\nainf\Github\Infini-GTFO-Mods\ForgeRuntime\WorldInspection.cs(301,172): error CS1061: 'Dimension' does not contain a definition for 'Pointer' and no accessible extension method 'Pointer' accepting a first argument of type 'Dimension' could be found (are you missing a using directive or an assembly reference?) [C:\Users\nainf\Github\Infini-GTFO-Mods\ForgeRuntime\tests\DevelopmentInspection\DevelopmentInspection.csproj]
    14 Warning(s)
    4 Error(s)

Time Elapsed 00:00:01.00
